// Jest Snapshot v1, https://goo.gl/fbAQLP

exports[`digitClick action should have the correct shape 1`] = `
Object {
  "payload": Object {
    "CLICKED_DIGIT_KEY": 5,
  },
  "type": "DIGIT_CLICK_ACTION",
}
`;
